2026-09-17T12:56:10.271Z [info] CIS Monitor TS starting...
2026-09-17T12:56:10.272Z [info] Starting scheduler with crons: 0 6 * * *, 0 11 * * *, 20 19 * * *, 0 22 * * *
2026-09-17T12:56:10.274Z [info] Scheduled: 0 6 * * *
2026-09-17T12:56:10.275Z [info] Scheduled: 0 11 * * *
2026-09-17T12:56:10.275Z [info] Scheduled: 20 19 * * *
2026-09-17T12:56:10.276Z [info] Scheduled: 0 22 * * *
2026-09-17T12:56:10.276Z [info] === Running scheduled CIS check ===
2026-09-17T12:56:10.276Z [info] Connecting to MSSQL 172.20.80.23/Advanced
2026-09-17T12:56:25.295Z [error] Scheduled run failed: Failed to connect to 172.20.80.23:1433 in 15000ms ConnectionError: Failed to connect to 172.20.80.23:1433 in 15000ms
    at C:\Temp\dev\cis-monitor-ts\node_modules\mssql\lib\tedious\connection-pool.js:85:17
    at Connection.err (C:\Temp\dev\cis-monitor-ts\node_modules\mssql\node_modules\tedious\src\connection.ts:1784:9)
    at Object.onceWrapper (node:events:634:26)
    at Connection.emit (node:events:519:28)
    at Connection.emit (C:\Temp\dev\cis-monitor-ts\node_modules\mssql\node_modules\tedious\src\connection.ts:1927:18)
    at Connection.connectTimeout (C:\Temp\dev\cis-monitor-ts\node_modules\mssql\node_modules\tedious\src\connection.ts:2198:10)
    at Timeout._onTimeout (C:\Temp\dev\cis-monitor-ts\node_modules\mssql\node_modules\tedious\src\connection.ts:2143:12)
    at listOnTimeout (node:internal/timers:588:17)
    at process.processTimers (node:internal/timers:523:7)
2026-09-17T12:56:25.296Z [error] Failed to connect to 172.20.80.23:1433 in 15000ms
2026-09-17T12:57:54.744Z [info] CIS Monitor TS starting...
2026-09-17T12:57:54.745Z [info] Starting scheduler with crons: 0 6 * * *, 0 11 * * *, 20 19 * * *, 0 22 * * *
2026-09-17T12:57:54.747Z [info] Scheduled: 0 6 * * *
2026-09-17T12:57:54.747Z [info] Scheduled: 0 11 * * *
2026-09-17T12:57:54.747Z [info] Scheduled: 20 19 * * *
2026-09-17T12:57:54.748Z [info] Scheduled: 0 22 * * *
2026-09-17T12:57:54.748Z [info] === Running scheduled CIS check ===
2026-09-17T12:57:54.748Z [info] Connecting to MSSQL 172.20.80.12/Advanced
2026-09-17T12:57:54.789Z [error] Scheduled run failed: Login failed for user 'advancedreportsv4'. ConnectionError: Login failed for user 'advancedreportsv4'.
    at C:\Temp\dev\cis-monitor-ts\node_modules\mssql\lib\tedious\connection-pool.js:85:17
    at Connection.err (C:\Temp\dev\cis-monitor-ts\node_modules\mssql\node_modules\tedious\src\connection.ts:1784:9)
    at Object.onceWrapper (node:events:634:26)
    at Connection.emit (node:events:519:28)
    at Connection.emit (C:\Temp\dev\cis-monitor-ts\node_modules\mssql\node_modules\tedious\src\connection.ts:1927:18)
    at <anonymous> (C:\Temp\dev\cis-monitor-ts\node_modules\mssql\node_modules\tedious\src\connection.ts:3434:18)
    at process.processTicksAndRejections (node:internal/process/task_queues:105:5)
2026-09-17T12:57:54.789Z [error] Login failed for user 'advancedreportsv4'.
2026-09-17T12:58:34.928Z [info] CIS Monitor TS starting...
2026-09-17T12:58:34.929Z [info] Starting scheduler with crons: 0 6 * * *, 0 11 * * *, 20 19 * * *, 0 22 * * *
2026-09-17T12:58:34.931Z [info] Scheduled: 0 6 * * *
2026-09-17T12:58:34.931Z [info] Scheduled: 0 11 * * *
2026-09-17T12:58:34.931Z [info] Scheduled: 20 19 * * *
2026-09-17T12:58:34.932Z [info] Scheduled: 0 22 * * *
2026-09-17T12:58:34.932Z [info] === Running scheduled CIS check ===
2026-09-17T12:58:34.932Z [info] Connecting to MSSQL 172.20.80.12/CIS4PROD
2026-09-17T12:58:35.472Z [info] Fetched 18 jobs from SYS024
2026-09-17T12:58:43.293Z [info] Email sent to ip114@msn.com
2026-09-17T12:58:43.293Z [info] Report sent
2026-09-17T13:01:14.917Z [info] CIS Monitor TS starting...
2026-09-17T13:01:14.918Z [info] Starting scheduler with crons: 0 6 * * *, 0 11 * * *, 20 19 * * *, 0 22 * * *
2026-09-17T13:01:14.920Z [info] Scheduled: 0 6 * * *
2026-09-17T13:01:14.921Z [info] Scheduled: 0 11 * * *
2026-09-17T13:01:14.921Z [info] Scheduled: 20 19 * * *
2026-09-17T13:01:14.921Z [info] Scheduled: 0 22 * * *
2026-09-17T13:01:14.921Z [info] === Running scheduled CIS check ===
2026-09-17T13:01:14.921Z [info] Connecting to MSSQL 172.20.80.12/CIS4PROD
2026-09-17T13:01:16.239Z [info] Fetched 18 jobs from SYS024
2026-09-17T13:01:23.059Z [info] Email sent to ip114@msn.com
2026-09-17T13:01:23.060Z [info] Report sent
